// Jest Snapshot v1, https://goo.gl/fbAQLP

exports[`matches snapshot 1`] = `
<section
  className="a1y6ds-0 ffJjeC"
>
  <div
    className="ant-row"
    style={Object {}}
  >
    <div
      className="ant-col ant-col-xs-24 ant-col-sm-12 ant-col-md-8 ant-col-lg-8"
      style={Object {}}
    >
      <div
        className="sc-1mpjybk-0 eVOMYp"
        onClick={[Function]}
        onMouseEnter={[Function]}
      >
        <img
          alt="boardrack logo"
          className="sc-1mpjybk-1 kosTKr"
          src="/images/br_logo_white.png"
        />
      </div>
      <ul>
        <li
          className="sc-1xq1wji-0 fgCSXX"
        >
          <a
            href="/"
            onClick={[Function]}
            onMouseEnter={[Function]}
          >
            Â©2020 Boardrack, Inc.
          </a>
        </li>
        <li
          className="sc-1xq1wji-0 fgCSXX"
        >
          <a
            href="/"
            onClick={[Function]}
            onMouseEnter={[Function]}
          >
            Terms of Use and Privacy Policy.
          </a>
        </li>
      </ul>
    </div>
    <div
      className="ant-col ant-col-xs-12 ant-col-sm-6 ant-col-md-8 ant-col-lg-4"
      style={Object {}}
    >
      <div
        className="a1y6ds-1 iqnBlT"
      >
        Company
      </div>
      <ul>
        <li
          className="sc-14r09en-0 eNpzof"
        >
          <a
            href="/"
            onClick={[Function]}
            onMouseEnter={[Function]}
          >
            About Boardrack
          </a>
        </li>
        <li
          className="sc-14r09en-0 eNpzof"
        >
          <a
            href="/"
            onClick={[Function]}
            onMouseEnter={[Function]}
          >
            Pricing
          </a>
        </li>
        <li
          className="sc-14r09en-0 eNpzof"
        >
          <a
            href="/"
            onClick={[Function]}
            onMouseEnter={[Function]}
          >
            Customers
          </a>
        </li>
        <li
          className="sc-14r09en-0 eNpzof"
        >
          <a
            href="/"
            onClick={[Function]}
            onMouseEnter={[Function]}
          >
            Careers
          </a>
        </li>
      </ul>
    </div>
    <div
      className="ant-col ant-col-xs-12 ant-col-sm-6 ant-col-md-8 ant-col-lg-4"
      style={Object {}}
    >
      <div
        className="a1y6ds-1 iqnBlT"
      >
        Support
      </div>
      <ul>
        <li
          className="ix0ixt-0 cjwVFL"
        >
          <a
            href="/"
            onClick={[Function]}
            onMouseEnter={[Function]}
          >
            Support Center
          </a>
        </li>
        <li
          className="ix0ixt-0 cjwVFL"
        >
          <a
            href="/"
            onClick={[Function]}
            onMouseEnter={[Function]}
          >
            My Account
          </a>
        </li>
        <li
          className="ix0ixt-0 cjwVFL"
        >
          <a
            href="/"
            onClick={[Function]}
            onMouseEnter={[Function]}
          >
            Get Primium
          </a>
        </li>
        <li
          className="ix0ixt-0 cjwVFL"
        >
          <a
            href="/"
            onClick={[Function]}
            onMouseEnter={[Function]}
          >
            Advertise
          </a>
        </li>
      </ul>
    </div>
    <div
      className="ant-col ant-col-xs-24 ant-col-sm-24 ant-col-md-24 ant-col-lg-8"
      style={Object {}}
    >
      <div
        className="a1y6ds-1 iqnBlT"
      >
        Subscribe to our Newsletter:
      </div>
      <div
        className="zqm8ed-0 hcBQGJ"
      >
        <span
          className="ant-input-search ant-input-search-enter-button ant-input-group-wrapper"
        >
          <span
            className="ant-input-wrapper ant-input-group"
          >
            <input
              className="ant-input"
              onBlur={[Function]}
              onChange={[Function]}
              onFocus={[Function]}
              onKeyDown={[Function]}
              placeholder="Email..."
              style={null}
              type="text"
              value=""
            />
            <span
              className="ant-input-group-addon"
            >
              <button
                className="ant-btn ant-input-search-button ant-btn-primary"
                onClick={[Function]}
                onMouseDown={[Function]}
                type="button"
              >
                <span>
                  Submit
                </span>
              </button>
            </span>
          </span>
        </span>
      </div>
      <ul>
        <li
          className="sc-1yhh2jv-0 iANLYz"
        >
          <a
            href="/"
          >
            <span
              aria-label="facebook"
              className="anticon anticon-facebook"
              role="img"
            >
              <svg
                aria-hidden="true"
                className=""
                data-icon="facebook"
                fill="currentColor"
                focusable="false"
                height="1em"
                viewBox="64 64 896 896"
                width="1em"
              >
                <path
                  d="M880 112H144c-17.7 0-32 14.3-32 32v736c0 17.7 14.3 32 32 32h736c17.7 0 32-14.3 32-32V144c0-17.7-14.3-32-32-32zm-32 736H663.9V602.2h104l15.6-120.7H663.9v-77.1c0-35 9.7-58.8 59.8-58.8h63.9v-108c-11.1-1.5-49-4.8-93.2-4.8-92.2 0-155.3 56.3-155.3 159.6v89H434.9v120.7h104.3V848H176V176h672v672z"
                />
              </svg>
            </span>
          </a>
        </li>
        <li
          className="sc-1yhh2jv-0 iANLYz"
        >
          <a
            href="/"
          >
            <span
              aria-label="instagram"
              className="anticon anticon-instagram"
              role="img"
            >
              <svg
                aria-hidden="true"
                className=""
                data-icon="instagram"
                fill="currentColor"
                focusable="false"
                height="1em"
                viewBox="64 64 896 896"
                width="1em"
              >
                <path
                  d="M512 306.9c-113.5 0-205.1 91.6-205.1 205.1S398.5 717.1 512 717.1 717.1 625.5 717.1 512 625.5 306.9 512 306.9zm0 338.4c-73.4 0-133.3-59.9-133.3-133.3S438.6 378.7 512 378.7 645.3 438.6 645.3 512 585.4 645.3 512 645.3zm213.5-394.6c-26.5 0-47.9 21.4-47.9 47.9s21.4 47.9 47.9 47.9 47.9-21.3 47.9-47.9a47.84 47.84 0 00-47.9-47.9zM911.8 512c0-55.2.5-109.9-2.6-165-3.1-64-17.7-120.8-64.5-167.6-46.9-46.9-103.6-61.4-167.6-64.5-55.2-3.1-109.9-2.6-165-2.6-55.2 0-109.9-.5-165 2.6-64 3.1-120.8 17.7-167.6 64.5C132.6 226.3 118.1 283 115 347c-3.1 55.2-2.6 109.9-2.6 165s-.5 109.9 2.6 165c3.1 64 17.7 120.8 64.5 167.6 46.9 46.9 103.6 61.4 167.6 64.5 55.2 3.1 109.9 2.6 165 2.6 55.2 0 109.9.5 165-2.6 64-3.1 120.8-17.7 167.6-64.5 46.9-46.9 61.4-103.6 64.5-167.6 3.2-55.1 2.6-109.8 2.6-165zm-88 235.8c-7.3 18.2-16.1 31.8-30.2 45.8-14.1 14.1-27.6 22.9-45.8 30.2C695.2 844.7 570.3 840 512 840c-58.3 0-183.3 4.7-235.9-16.1-18.2-7.3-31.8-16.1-45.8-30.2-14.1-14.1-22.9-27.6-30.2-45.8C179.3 695.2 184 570.3 184 512c0-58.3-4.7-183.3 16.1-235.9 7.3-18.2 16.1-31.8 30.2-45.8s27.6-22.9 45.8-30.2C328.7 179.3 453.7 184 512 184s183.3-4.7 235.9 16.1c18.2 7.3 31.8 16.1 45.8 30.2 14.1 14.1 22.9 27.6 30.2 45.8C844.7 328.7 840 453.7 840 512c0 58.3 4.7 183.2-16.2 235.8z"
                />
              </svg>
            </span>
          </a>
        </li>
        <li
          className="sc-1yhh2jv-0 iANLYz"
        >
          <a
            href="/"
          >
            <span
              aria-label="youtube"
              className="anticon anticon-youtube"
              role="img"
            >
              <svg
                aria-hidden="true"
                className=""
                data-icon="youtube"
                fill="currentColor"
                focusable="false"
                height="1em"
                viewBox="64 64 896 896"
                width="1em"
              >
                <path
                  d="M960 509.2c0-2.2 0-4.7-.1-7.6-.1-8.1-.3-17.2-.5-26.9-.8-27.9-2.2-55.7-4.4-81.9-3-36.1-7.4-66.2-13.4-88.8a139.52 139.52 0 00-98.3-98.5c-28.3-7.6-83.7-12.3-161.7-15.2-37.1-1.4-76.8-2.3-116.5-2.8-13.9-.2-26.8-.3-38.4-.4h-29.4c-11.6.1-24.5.2-38.4.4-39.7.5-79.4 1.4-116.5 2.8-78 3-133.5 7.7-161.7 15.2A139.35 139.35 0 0082.4 304C76.3 326.6 72 356.7 69 392.8c-2.2 26.2-3.6 54-4.4 81.9-.3 9.7-.4 18.8-.5 26.9 0 2.9-.1 5.4-.1 7.6v5.6c0 2.2 0 4.7.1 7.6.1 8.1.3 17.2.5 26.9.8 27.9 2.2 55.7 4.4 81.9 3 36.1 7.4 66.2 13.4 88.8 12.8 47.9 50.4 85.7 98.3 98.5 28.2 7.6 83.7 12.3 161.7 15.2 37.1 1.4 76.8 2.3 116.5 2.8 13.9.2 26.8.3 38.4.4h29.4c11.6-.1 24.5-.2 38.4-.4 39.7-.5 79.4-1.4 116.5-2.8 78-3 133.5-7.7 161.7-15.2 47.9-12.8 85.5-50.5 98.3-98.5 6.1-22.6 10.4-52.7 13.4-88.8 2.2-26.2 3.6-54 4.4-81.9.3-9.7.4-18.8.5-26.9 0-2.9.1-5.4.1-7.6v-5.6zm-72 5.2c0 2.1 0 4.4-.1 7.1-.1 7.8-.3 16.4-.5 25.7-.7 26.6-2.1 53.2-4.2 77.9-2.7 32.2-6.5 58.6-11.2 76.3-6.2 23.1-24.4 41.4-47.4 47.5-21 5.6-73.9 10.1-145.8 12.8-36.4 1.4-75.6 2.3-114.7 2.8-13.7.2-26.4.3-37.8.3h-28.6l-37.8-.3c-39.1-.5-78.2-1.4-114.7-2.8-71.9-2.8-124.9-7.2-145.8-12.8-23-6.2-41.2-24.4-47.4-47.5-4.7-17.7-8.5-44.1-11.2-76.3-2.1-24.7-3.4-51.3-4.2-77.9-.3-9.3-.4-18-.5-25.7 0-2.7-.1-5.1-.1-7.1v-4.8c0-2.1 0-4.4.1-7.1.1-7.8.3-16.4.5-25.7.7-26.6 2.1-53.2 4.2-77.9 2.7-32.2 6.5-58.6 11.2-76.3 6.2-23.1 24.4-41.4 47.4-47.5 21-5.6 73.9-10.1 145.8-12.8 36.4-1.4 75.6-2.3 114.7-2.8 13.7-.2 26.4-.3 37.8-.3h28.6l37.8.3c39.1.5 78.2 1.4 114.7 2.8 71.9 2.8 124.9 7.2 145.8 12.8 23 6.2 41.2 24.4 47.4 47.5 4.7 17.7 8.5 44.1 11.2 76.3 2.1 24.7 3.4 51.3 4.2 77.9.3 9.3.4 18 .5 25.7 0 2.7.1 5.1.1 7.1v4.8zM423 646l232-135-232-133z"
                />
              </svg>
            </span>
          </a>
        </li>
        <li
          className="sc-1yhh2jv-0 iANLYz"
        >
          <a
            href="/"
          >
            <span
              aria-label="twitter"
              className="anticon anticon-twitter"
              role="img"
            >
              <svg
                aria-hidden="true"
                className=""
                data-icon="twitter"
                fill="currentColor"
                focusable="false"
                height="1em"
                viewBox="64 64 896 896"
                width="1em"
              >
                <path
                  d="M928 254.3c-30.6 13.2-63.9 22.7-98.2 26.4a170.1 170.1 0 0075-94 336.64 336.64 0 01-108.2 41.2A170.1 170.1 0 00672 174c-94.5 0-170.5 76.6-170.5 170.6 0 13.2 1.6 26.4 4.2 39.1-141.5-7.4-267.7-75-351.6-178.5a169.32 169.32 0 00-23.2 86.1c0 59.2 30.1 111.4 76 142.1a172 172 0 01-77.1-21.7v2.1c0 82.9 58.6 151.6 136.7 167.4a180.6 180.6 0 01-44.9 5.8c-11.1 0-21.6-1.1-32.2-2.6C211 652 273.9 701.1 348.8 702.7c-58.6 45.9-132 72.9-211.7 72.9-14.3 0-27.5-.5-41.2-2.1C171.5 822 261.2 850 357.8 850 671.4 850 843 590.2 843 364.7c0-7.4 0-14.8-.5-22.2 33.2-24.3 62.3-54.4 85.5-88.2z"
                />
              </svg>
            </span>
          </a>
        </li>
        <li
          className="sc-1yhh2jv-0 iANLYz"
        >
          <a
            href="/"
          >
            <span
              aria-label="github"
              className="anticon anticon-github"
              role="img"
            >
              <svg
                aria-hidden="true"
                className=""
                data-icon="github"
                fill="currentColor"
                focusable="false"
                height="1em"
                viewBox="64 64 896 896"
                width="1em"
              >
                <path
                  d="M511.6 76.3C264.3 76.2 64 276.4 64 523.5 64 718.9 189.3 885 363.8 946c23.5 5.9 19.9-10.8 19.9-22.2v-77.5c-135.7 15.9-141.2-73.9-150.3-88.9C215 726 171.5 718 184.5 703c30.9-15.9 62.4 4 98.9 57.9 26.4 39.1 77.9 32.5 104 26 5.7-23.5 17.9-44.5 34.7-60.8-140.6-25.2-199.2-111-199.2-213 0-49.5 16.3-95 48.3-131.7-20.4-60.5 1.9-112.3 4.9-120 58.1-5.2 118.5 41.6 123.2 45.3 33-8.9 70.7-13.6 112.9-13.6 42.4 0 80.2 4.9 113.5 13.9 11.3-8.6 67.3-48.8 121.3-43.9 2.9 7.7 24.7 58.3 5.5 118 32.4 36.8 48.9 82.7 48.9 132.3 0 102.2-59 188.1-200 212.9a127.5 127.5 0 0138.1 91v112.5c.8 9 0 17.9 15 17.9 177.1-59.7 304.6-227 304.6-424.1 0-247.2-200.4-447.3-447.5-447.3z"
                />
              </svg>
            </span>
          </a>
        </li>
      </ul>
    </div>
  </div>
</section>
`;
