// Jest Snapshot v1, https://goo.gl/fbAQLP

exports[`matches snapshot 1`] = `
<div>
  <div
    className="ant-row"
    style={Object {}}
  >
    <div
      className="ant-divider ant-divider-horizontal ant-divider-with-text-center"
      role="separator"
    >
      <span
        className="ant-divider-inner-text"
      >
        <h2
          className="hgkwrk-0 eUoHPJ"
        >
          Location
        </h2>
      </span>
    </div>
    <div
      className="ant-col ant-col-xs-24 ant-col-sm-12 ant-col-md-12"
      style={Object {}}
    >
      <div
        className="hgkwrk-1 deAbYG"
      >
        <button
          className="ant-btn ant-btn-primary ant-btn-background-ghost ant-btn-block"
          onClick={[Function]}
          type="button"
        >
          <span
            aria-label="environment"
            className="anticon anticon-environment"
            role="img"
          >
            <svg
              aria-hidden="true"
              className=""
              data-icon="environment"
              fill="currentColor"
              focusable="false"
              height="1em"
              viewBox="64 64 896 896"
              width="1em"
            >
              <path
                d="M854.6 289.1a362.49 362.49 0 00-79.9-115.7 370.83 370.83 0 00-118.2-77.8C610.7 76.6 562.1 67 512 67c-50.1 0-98.7 9.6-144.5 28.5-44.3 18.3-84 44.5-118.2 77.8A363.6 363.6 0 00169.4 289c-19.5 45-29.4 92.8-29.4 142 0 70.6 16.9 140.9 50.1 208.7 26.7 54.5 64 107.6 111 158.1 80.3 86.2 164.5 138.9 188.4 153a43.9 43.9 0 0022.4 6.1c7.8 0 15.5-2 22.4-6.1 23.9-14.1 108.1-66.8 188.4-153 47-50.4 84.3-103.6 111-158.1C867.1 572 884 501.8 884 431.1c0-49.2-9.9-97-29.4-142zM512 880.2c-65.9-41.9-300-207.8-300-449.1 0-77.9 31.1-151.1 87.6-206.3C356.3 169.5 431.7 139 512 139s155.7 30.5 212.4 85.9C780.9 280 812 353.2 812 431.1c0 241.3-234.1 407.2-300 449.1zm0-617.2c-97.2 0-176 78.8-176 176s78.8 176 176 176 176-78.8 176-176-78.8-176-176-176zm79.2 255.2A111.6 111.6 0 01512 551c-29.9 0-58-11.7-79.2-32.8A111.6 111.6 0 01400 439c0-29.9 11.7-58 32.8-79.2C454 338.6 482.1 327 512 327c29.9 0 58 11.6 79.2 32.8C612.4 381 624 409.1 624 439c0 29.9-11.6 58-32.8 79.2z"
              />
            </svg>
          </span>
          <span>
             Get Location
          </span>
        </button>
        <div
          className="ant-divider ant-divider-horizontal ant-divider-with-text-center"
          role="separator"
        >
          <span
            className="ant-divider-inner-text"
          >
            OR
          </span>
        </div>
        <span
          className="ant-input-search ant-input-search-enter-button ant-input-search-large ant-input-group-wrapper ant-input-group-wrapper-lg"
        >
          <span
            className="ant-input-wrapper ant-input-group"
          >
            <input
              className="ant-input ant-input-lg"
              onBlur={[Function]}
              onChange={[Function]}
              onFocus={[Function]}
              onKeyDown={[Function]}
              placeholder="Address, City, State..."
              style={null}
              type="text"
              value=""
            />
            <span
              className="ant-input-group-addon"
            >
              <button
                className="ant-btn ant-input-search-button ant-btn-primary ant-btn-lg"
                onClick={[Function]}
                onMouseDown={[Function]}
                type="button"
              >
                <span>
                  Locate
                </span>
              </button>
            </span>
          </span>
        </span>
        <span
          className="hgkwrk-3 jSEjMK"
        >
          *Your address will not be public
        </span>
        <h3
          className="hgkwrk-2 LRGkC"
        >
          <span
            style={
              Object {
                "color": "red",
              }
            }
          >
            * 
          </span>
          <span>
            Location:
          </span>
           
          <span
            className="location"
          >
            Not Selected
          </span>
        </h3>
      </div>
    </div>
    <div
      className="ant-col ant-col-xs-24 ant-col-sm-12 ant-col-md-12"
      style={Object {}}
    >
      <div
        className="u5leam-0 goWMft"
      >
        <img
          alt="location map"
          src="/images/br_default_map.png"
        />
        <div
          className="u5leam-1 ipfGlW"
        />
      </div>
    </div>
  </div>
  <div
    className="ant-row"
    style={Object {}}
  >
    <div
      className="lbpyeg-0 ehlnEo"
    >
      <div>
        *Title Required
      </div>
      <div>
        *Price Required
      </div>
      <div>
        *Location Required
      </div>
    </div>
  </div>
</div>
`;
