// Jest Snapshot v1, https://goo.gl/fbAQLP

exports[`matches snapshot 1`] = `
<section
  className="sc-1n3ao07-0 brzJyG"
>
  <div
    className="lpysnp-0 dTJpcW"
    onClick={[Function]}
    onMouseEnter={[Function]}
  >
    <img
      alt="boardrack logo"
      className="lpysnp-1 deUYzE"
      src="/images/br_logo_black.png"
    />
  </div>
  <div
    className="sc-1xpv1no-0 ihfkRm"
    onClick={[Function]}
    onMouseEnter={[Function]}
  >
    <img
      alt="boardrack logo"
      className="sc-1xpv1no-1 hlPEvu"
      src="/images/br_logo_small.png"
    />
  </div>
  <section
    className="r0u5rj-0 cFafZO"
  >
    <span
      className="ant-input-search ant-input-search-enter-button ant-input-search-large ant-input-group-wrapper ant-input-group-wrapper-lg"
    >
      <span
        className="ant-input-wrapper ant-input-group"
      >
        <input
          className="ant-input ant-input-lg"
          onBlur={[Function]}
          onChange={[Function]}
          onFocus={[Function]}
          onKeyDown={[Function]}
          placeholder="Find Your Next Surfboard..."
          style={null}
          type="text"
          value=""
        />
        <span
          className="ant-input-group-addon"
        >
          <button
            className="ant-btn ant-input-search-button ant-btn-primary ant-btn-lg"
            onClick={[Function]}
            onMouseDown={[Function]}
            type="button"
          >
            <span>
              Search
            </span>
          </button>
        </span>
      </span>
    </span>
  </section>
  <ul
    className="sc-19qg9cj-0 eGTzxN"
  >
    <li
      className="sc-19qg9cj-1 iTHAEh"
      onClick={[Function]}
    >
      <a
        className="create-post-link-disabled"
      >
        Create Post
      </a>
    </li>
    <li
      className="sc-19qg9cj-1 iTHAEh"
      onClick={[Function]}
    >
      <a
        className="login-link"
      >
        Login
      </a>
    </li>
    <li
      className="sc-19qg9cj-1 iTHAEh"
      onClick={[Function]}
    >
      <a
        className="register-link"
      >
        Register
      </a>
    </li>
  </ul>
  <div>
    <div
      className="sc-15s7e5q-0 gSgjpW"
      onClick={[Function]}
    >
      <span
        aria-label="menu"
        className="anticon anticon-menu"
        role="img"
      >
        <svg
          aria-hidden="true"
          className=""
          data-icon="menu"
          fill="currentColor"
          focusable="false"
          height="1em"
          viewBox="64 64 896 896"
          width="1em"
        >
          <path
            d="M904 160H120c-4.4 0-8 3.6-8 8v64c0 4.4 3.6 8 8 8h784c4.4 0 8-3.6 8-8v-64c0-4.4-3.6-8-8-8zm0 624H120c-4.4 0-8 3.6-8 8v64c0 4.4 3.6 8 8 8h784c4.4 0 8-3.6 8-8v-64c0-4.4-3.6-8-8-8zm0-312H120c-4.4 0-8 3.6-8 8v64c0 4.4 3.6 8 8 8h784c4.4 0 8-3.6 8-8v-64c0-4.4-3.6-8-8-8z"
          />
        </svg>
      </span>
    </div>
  </div>
</section>
`;
